storing or accessing your data
Amazon
store customer data
user's data
data stored
LAFS
