drogas
frontera oeste
Foz de Yguaz√∫
Frontera
Foz
objetivo es el combate
objetivo combatir
